  AppCcosonleV2.cpp
C:\Users\G702306\Desktop\mycppAppl\AppCcosonleV2\AppCcosonleV2\AppCcosonleV2.cpp(227,59): warning C4267: 'argument' : conversion de 'size_t' en 'int', perte possible de données
C:\Program Files\Microsoft Visual Studio\2022\Community\VC\Tools\MSVC\14.44.35207\include\xutility(4813,18): warning C4244: '=' : conversion de 'wchar_t' en 'char', perte possible de données
  (compiler le fichier source 'AppCcosonleV2.cpp')
      C:\Program Files\Microsoft Visual Studio\2022\Community\VC\Tools\MSVC\14.44.35207\include\xutility(4813,18):
      le contexte d’instanciation du modèle (le plus ancien) est
          C:\Users\G702306\Desktop\mycppAppl\AppCcosonleV2\AppCcosonleV2\AppCcosonleV2.cpp(167,65):
          voir la référence à l'instanciation de la fonction modèle 'std::basic_string<char,std::char_traits<char>,std::allocator<char>>::basic_string<std::_String_iterator<std::_String_val<std::_Simple_types<_Elem>>>,0>(_Iter,_Iter,const _Alloc &)' en cours de compilation
          with
          [
              _Elem=wchar_t,
              _Iter=std::_String_iterator<std::_String_val<std::_Simple_types<wchar_t>>>,
              _Alloc=std::allocator<char>
          ]
              C:\Users\G702306\Desktop\mycppAppl\AppCcosonleV2\AppCcosonleV2\AppCcosonleV2.cpp(167,36):
              voir la première référence à « std::basic_string<char,std::char_traits<char>,std::allocator<char>>::basic_string » dans « WatchDirectory »
          C:\Program Files\Microsoft Visual Studio\2022\Community\VC\Tools\MSVC\14.44.35207\include\xstring(812,17):
          voir la référence à l'instanciation de la fonction modèle 'void std::basic_string<char,std::char_traits<char>,std::allocator<char>>::_Construct_from_iter<wchar_t*,wchar_t*,_Size_type>(_Iter,const _Sent,_Size)' en cours de compilation
          with
          [
              _Size_type=std::+::_Size_type,
              _Iter=wchar_t *,
              _Sent=wchar_t *,
              _Size=std::+::_Size_type
          ]
          C:\Program Files\Microsoft Visual Studio\2022\Community\VC\Tools\MSVC\14.44.35207\include\xstring(968,18):
          voir la référence à l'instanciation de la fonction modèle '_OutIt *std::_Copy_n_unchecked4<wchar_t*,_Size,char*>(_InIt,_SizeTy,_OutIt)' en cours de compilation
          with
          [
              _OutIt=char *,
              _Size=std::+::_Size_type,
              _InIt=wchar_t *,
              _SizeTy=std::+::_Size_type
          ]
  
  AppCcosonleV2.vcxproj -> C:\Users\G702306\Desktop\mycppAppl\AppCcosonleV2\x64\Debug\AppCcosonleV2.exe
